(.|\n)*

2\.3\. UC_MCDC COVERAGE
-+

pkg\.adb:18:25: condition 1 \("B"\) has no independent influence pair, MC/DC not achieved
pkg\.adb:18:36: condition 2 \("C"\) has no independent influence pair, MC/DC not achieved
pkg\.adb:18:47: condition 3 \("A"\) has no independent influence pair, MC/DC not achieved
pkg\.adb:18:14: Decision of the form \(\(\(C0 and then C1\) and then C2\) or else C3\)
Evaluation vectors found:
    F - - F  -> FALSE  In a pair for C0
    T T T -  -> TRUE  In a pair for C0
    T T F T  -> TRUE  Not part of any pair

pkg\.adb:29:50: condition 1 \("A"\) has no independent influence pair, MC/DC not achieved
pkg\.adb:29:60: condition 2 \("B"\) has no independent influence pair, MC/DC not achieved
pkg\.adb:29:25: Decision of the form \(\(C0 or else C1\) or else C2\)
Evaluation vectors found:
    F F F  -> FALSE  In a pair for C0
    T - -  -> TRUE  In a pair for C0

pkg\.adb:30:25: contract expression outcome FALSE never exercised
pkg\.adb:30:39: decision never evaluated
pkg\.adb:39:24: condition 1 \("B"\) has no independent influence pair, MC/DC not achieved
pkg\.adb:39:13: Decision of the form \(C0 and then C1\)
Evaluation vectors found:
    F -  -> FALSE  In a pair for C0
    T T  -> TRUE  In a pair for C0

pkg\.adb:45:37: condition 1 \("B"\) has no independent influence pair, MC/DC not achieved
pkg\.adb:45:48: condition 2 \("A"\) has no independent influence pair, MC/DC not achieved
pkg\.adb:45:26: Decision of the form \(\(C0 and then C1\) or else C2\)
Evaluation vectors found:
    F - F  -> FALSE  In a pair for C0
    T T -  -> TRUE  In a pair for C0


10 violations\.

2\.4\. ATC COVERAGE
-+

No violation.

2\.5\. ATCC COVERAGE
-+

No violation.
