<?xml version="1.0" ?>
<source file="@@main.adb@@" coverage_level="stmt+mcdc+atcc+fun_call+gexpr">
 <scope_metric scope_name="Main" scope_line="17">
  <metric kind="total_lines_of_relevance" count="39"/>
  <metric kind="fully_covered" count="36" ratio="92"/>
  <metric kind="partially_covered" count="2" ratio="5"/>
  <metric kind="not_covered" count="1" ratio="3"/>
  <metric kind="undetermined_coverage" count="0" ratio="0"/>
  <metric kind="exempted_no_violation" count="0" ratio="0"/>
  <metric kind="exempted" count="0" ratio="0"/>
  <metric kind="exempted_undetermined_coverage" count="0" ratio="0"/>
  <metric kind="disabled_coverage" count="0"/>
  <obligation_stats kind="Stmt">
   <metric kind="total_obligations_of_relevance" count="26"/>
   <metric kind="fully_covered" count="25" ratio="96"/>
   <metric kind="partially_covered" count="0" ratio="0"/>
   <metric kind="not_covered" count="1" ratio="4"/>
   <metric kind="undetermined_coverage" count="0" ratio="0"/>
   <metric kind="exempted_no_violation" count="0" ratio="0"/>
   <metric kind="exempted" count="0" ratio="0"/>
   <metric kind="exempted_undetermined_coverage" count="0" ratio="0"/>
   <metric kind="disabled_coverage" count="0"/>
  </obligation_stats>

  <obligation_stats kind="Decision">
   <metric kind="total_obligations_of_relevance" count="6"/>
   <metric kind="fully_covered" count="4" ratio="67"/>
   <metric kind="partially_covered" count="2" ratio="33"/>
   <metric kind="not_covered" count="0" ratio="0"/>
   <metric kind="undetermined_coverage" count="0" ratio="0"/>
   <metric kind="exempted_no_violation" count="0" ratio="0"/>
   <metric kind="exempted" count="0" ratio="0"/>
   <metric kind="exempted_undetermined_coverage" count="0" ratio="0"/>
   <metric kind="disabled_coverage" count="0"/>
  </obligation_stats>

  <obligation_stats kind="MCDC">
   <metric kind="total_obligations_of_relevance" count="8"/>
   <metric kind="fully_covered" count="6" ratio="75"/>
   <metric kind="partially_covered" count="0" ratio="0"/>
   <metric kind="not_covered" count="2" ratio="25"/>
   <metric kind="undetermined_coverage" count="0" ratio="0"/>
   <metric kind="exempted_no_violation" count="0" ratio="0"/>
   <metric kind="exempted" count="0" ratio="0"/>
   <metric kind="exempted_undetermined_coverage" count="0" ratio="0"/>
   <metric kind="disabled_coverage" count="0"/>
  </obligation_stats>

  <obligation_stats kind="ATC">
   <metric kind="total_obligations_of_relevance" count="1"/>
   <metric kind="fully_covered" count="1" ratio="100"/>
   <metric kind="partially_covered" count="0" ratio="0"/>
   <metric kind="not_covered" count="0" ratio="0"/>
   <metric kind="undetermined_coverage" count="0" ratio="0"/>
   <metric kind="exempted_no_violation" count="0" ratio="0"/>
   <metric kind="exempted" count="0" ratio="0"/>
   <metric kind="exempted_undetermined_coverage" count="0" ratio="0"/>
   <metric kind="disabled_coverage" count="0"/>
  </obligation_stats>

  <obligation_stats kind="ATCC">
   <metric kind="total_obligations_of_relevance" count="2"/>
   <metric kind="fully_covered" count="2" ratio="100"/>
   <metric kind="partially_covered" count="0" ratio="0"/>
   <metric kind="not_covered" count="0" ratio="0"/>
   <metric kind="undetermined_coverage" count="0" ratio="0"/>
   <metric kind="exempted_no_violation" count="0" ratio="0"/>
   <metric kind="exempted" count="0" ratio="0"/>
   <metric kind="exempted_undetermined_coverage" count="0" ratio="0"/>
   <metric kind="disabled_coverage" count="0"/>
  </obligation_stats>

  <obligation_stats kind="Function and call">
   <metric kind="total_obligations_of_relevance" count="18"/>
   <metric kind="fully_covered" count="18" ratio="100"/>
   <metric kind="partially_covered" count="0" ratio="0"/>
   <metric kind="not_covered" count="0" ratio="0"/>
   <metric kind="undetermined_coverage" count="0" ratio="0"/>
   <metric kind="exempted_no_violation" count="0" ratio="0"/>
   <metric kind="exempted" count="0" ratio="0"/>
   <metric kind="exempted_undetermined_coverage" count="0" ratio="0"/>
   <metric kind="disabled_coverage" count="0"/>
  </obligation_stats>

  <obligation_stats kind="Guarded expression">
   <metric kind="total_obligations_of_relevance" count="0"/>
   <metric kind="fully_covered" count="0"/>
   <metric kind="partially_covered" count="0"/>
   <metric kind="not_covered" count="0"/>
   <metric kind="undetermined_coverage" count="0"/>
   <metric kind="exempted_no_violation" count="0"/>
   <metric kind="exempted" count="0"/>
   <metric kind="exempted_undetermined_coverage" count="0"/>
   <metric kind="disabled_coverage" count="0"/>
  </obligation_stats>

  <scope_metric scope_name="Gexpr" scope_line="37">
   <metric kind="total_lines_of_relevance" count="12"/>
   <metric kind="fully_covered" count="12" ratio="100"/>
   <metric kind="partially_covered" count="0" ratio="0"/>
   <metric kind="not_covered" count="0" ratio="0"/>
   <metric kind="undetermined_coverage" count="0" ratio="0"/>
   <metric kind="exempted_no_violation" count="0" ratio="0"/>
   <metric kind="exempted" count="0" ratio="0"/>
   <metric kind="exempted_undetermined_coverage" count="0" ratio="0"/>
   <metric kind="disabled_coverage" count="0"/>
   <obligation_stats kind="Stmt">
    <metric kind="total_obligations_of_relevance" count="1"/>
    <metric kind="fully_covered" count="1" ratio="100"/>
    <metric kind="partially_covered" count="0" ratio="0"/>
    <metric kind="not_covered" count="0" ratio="0"/>
    <metric kind="undetermined_coverage" count="0" ratio="0"/>
    <metric kind="exempted_no_violation" count="0" ratio="0"/>
    <metric kind="exempted" count="0" ratio="0"/>
    <metric kind="exempted_undetermined_coverage" count="0" ratio="0"/>
    <metric kind="disabled_coverage" count="0"/>
   </obligation_stats>

   <obligation_stats kind="Decision">
    <metric kind="total_obligations_of_relevance" count="1"/>
    <metric kind="fully_covered" count="1" ratio="100"/>
    <metric kind="partially_covered" count="0" ratio="0"/>
    <metric kind="not_covered" count="0" ratio="0"/>
    <metric kind="undetermined_coverage" count="0" ratio="0"/>
    <metric kind="exempted_no_violation" count="0" ratio="0"/>
    <metric kind="exempted" count="0" ratio="0"/>
    <metric kind="exempted_undetermined_coverage" count="0" ratio="0"/>
    <metric kind="disabled_coverage" count="0"/>
   </obligation_stats>

   <obligation_stats kind="MCDC">
    <metric kind="total_obligations_of_relevance" count="2"/>
    <metric kind="fully_covered" count="2" ratio="100"/>
    <metric kind="partially_covered" count="0" ratio="0"/>
    <metric kind="not_covered" count="0" ratio="0"/>
    <metric kind="undetermined_coverage" count="0" ratio="0"/>
    <metric kind="exempted_no_violation" count="0" ratio="0"/>
    <metric kind="exempted" count="0" ratio="0"/>
    <metric kind="exempted_undetermined_coverage" count="0" ratio="0"/>
    <metric kind="disabled_coverage" count="0"/>
   </obligation_stats>

   <obligation_stats kind="ATC">
    <metric kind="total_obligations_of_relevance" count="0"/>
    <metric kind="fully_covered" count="0"/>
    <metric kind="partially_covered" count="0"/>
    <metric kind="not_covered" count="0"/>
    <metric kind="undetermined_coverage" count="0"/>
    <metric kind="exempted_no_violation" count="0"/>
    <metric kind="exempted" count="0"/>
    <metric kind="exempted_undetermined_coverage" count="0"/>
    <metric kind="disabled_coverage" count="0"/>
   </obligation_stats>

   <obligation_stats kind="ATCC">
    <metric kind="total_obligations_of_relevance" count="0"/>
    <metric kind="fully_covered" count="0"/>
    <metric kind="partially_covered" count="0"/>
    <metric kind="not_covered" count="0"/>
    <metric kind="undetermined_coverage" count="0"/>
    <metric kind="exempted_no_violation" count="0"/>
    <metric kind="exempted" count="0"/>
    <metric kind="exempted_undetermined_coverage" count="0"/>
    <metric kind="disabled_coverage" count="0"/>
   </obligation_stats>

   <obligation_stats kind="Function and call">
    <metric kind="total_obligations_of_relevance" count="1"/>
    <metric kind="fully_covered" count="1" ratio="100"/>
    <metric kind="partially_covered" count="0" ratio="0"/>
    <metric kind="not_covered" count="0" ratio="0"/>
    <metric kind="undetermined_coverage" count="0" ratio="0"/>
    <metric kind="exempted_no_violation" count="0" ratio="0"/>
    <metric kind="exempted" count="0" ratio="0"/>
    <metric kind="exempted_undetermined_coverage" count="0" ratio="0"/>
    <metric kind="disabled_coverage" count="0"/>
   </obligation_stats>

   <obligation_stats kind="Guarded expression">
    <metric kind="total_obligations_of_relevance" count="0"/>
    <metric kind="fully_covered" count="0"/>
    <metric kind="partially_covered" count="0"/>
    <metric kind="not_covered" count="0"/>
    <metric kind="undetermined_coverage" count="0"/>
    <metric kind="exempted_no_violation" count="0"/>
    <metric kind="exempted" count="0"/>
    <metric kind="exempted_undetermined_coverage" count="0"/>
    <metric kind="disabled_coverage" count="0"/>
   </obligation_stats>

  </scope_metric>

  <scope_metric scope_name="Foo" scope_line="85">
   <metric kind="total_lines_of_relevance" count="3"/>
   <metric kind="fully_covered" count="3" ratio="100"/>
   <metric kind="partially_covered" count="0" ratio="0"/>
   <metric kind="not_covered" count="0" ratio="0"/>
   <metric kind="undetermined_coverage" count="0" ratio="0"/>
   <metric kind="exempted_no_violation" count="0" ratio="0"/>
   <metric kind="exempted" count="0" ratio="0"/>
   <metric kind="exempted_undetermined_coverage" count="0" ratio="0"/>
   <metric kind="disabled_coverage" count="0"/>
   <obligation_stats kind="Stmt">
    <metric kind="total_obligations_of_relevance" count="2"/>
    <metric kind="fully_covered" count="2" ratio="100"/>
    <metric kind="partially_covered" count="0" ratio="0"/>
    <metric kind="not_covered" count="0" ratio="0"/>
    <metric kind="undetermined_coverage" count="0" ratio="0"/>
    <metric kind="exempted_no_violation" count="0" ratio="0"/>
    <metric kind="exempted" count="0" ratio="0"/>
    <metric kind="exempted_undetermined_coverage" count="0" ratio="0"/>
    <metric kind="disabled_coverage" count="0"/>
   </obligation_stats>

   <obligation_stats kind="Decision">
    <metric kind="total_obligations_of_relevance" count="1"/>
    <metric kind="fully_covered" count="1" ratio="100"/>
    <metric kind="partially_covered" count="0" ratio="0"/>
    <metric kind="not_covered" count="0" ratio="0"/>
    <metric kind="undetermined_coverage" count="0" ratio="0"/>
    <metric kind="exempted_no_violation" count="0" ratio="0"/>
    <metric kind="exempted" count="0" ratio="0"/>
    <metric kind="exempted_undetermined_coverage" count="0" ratio="0"/>
    <metric kind="disabled_coverage" count="0"/>
   </obligation_stats>

   <obligation_stats kind="MCDC">
    <metric kind="total_obligations_of_relevance" count="2"/>
    <metric kind="fully_covered" count="2" ratio="100"/>
    <metric kind="partially_covered" count="0" ratio="0"/>
    <metric kind="not_covered" count="0" ratio="0"/>
    <metric kind="undetermined_coverage" count="0" ratio="0"/>
    <metric kind="exempted_no_violation" count="0" ratio="0"/>
    <metric kind="exempted" count="0" ratio="0"/>
    <metric kind="exempted_undetermined_coverage" count="0" ratio="0"/>
    <metric kind="disabled_coverage" count="0"/>
   </obligation_stats>

   <obligation_stats kind="ATC">
    <metric kind="total_obligations_of_relevance" count="0"/>
    <metric kind="fully_covered" count="0"/>
    <metric kind="partially_covered" count="0"/>
    <metric kind="not_covered" count="0"/>
    <metric kind="undetermined_coverage" count="0"/>
    <metric kind="exempted_no_violation" count="0"/>
    <metric kind="exempted" count="0"/>
    <metric kind="exempted_undetermined_coverage" count="0"/>
    <metric kind="disabled_coverage" count="0"/>
   </obligation_stats>

   <obligation_stats kind="ATCC">
    <metric kind="total_obligations_of_relevance" count="0"/>
    <metric kind="fully_covered" count="0"/>
    <metric kind="partially_covered" count="0"/>
    <metric kind="not_covered" count="0"/>
    <metric kind="undetermined_coverage" count="0"/>
    <metric kind="exempted_no_violation" count="0"/>
    <metric kind="exempted" count="0"/>
    <metric kind="exempted_undetermined_coverage" count="0"/>
    <metric kind="disabled_coverage" count="0"/>
   </obligation_stats>

   <obligation_stats kind="Function and call">
    <metric kind="total_obligations_of_relevance" count="1"/>
    <metric kind="fully_covered" count="1" ratio="100"/>
    <metric kind="partially_covered" count="0" ratio="0"/>
    <metric kind="not_covered" count="0" ratio="0"/>
    <metric kind="undetermined_coverage" count="0" ratio="0"/>
    <metric kind="exempted_no_violation" count="0" ratio="0"/>
    <metric kind="exempted" count="0" ratio="0"/>
    <metric kind="exempted_undetermined_coverage" count="0" ratio="0"/>
    <metric kind="disabled_coverage" count="0"/>
   </obligation_stats>

   <obligation_stats kind="Guarded expression">
    <metric kind="total_obligations_of_relevance" count="0"/>
    <metric kind="fully_covered" count="0"/>
    <metric kind="partially_covered" count="0"/>
    <metric kind="not_covered" count="0"/>
    <metric kind="undetermined_coverage" count="0"/>
    <metric kind="exempted_no_violation" count="0"/>
    <metric kind="exempted" count="0"/>
    <metric kind="exempted_undetermined_coverage" count="0"/>
    <metric kind="disabled_coverage" count="0"/>
   </obligation_stats>

  </scope_metric>

 </scope_metric>

 <src_mapping coverage=".">
  <src>
   <line num="1" src="pragma Ada_2022;"/>
  </src>

 </src_mapping>

 <src_mapping coverage=".">
  <src>
   <line num="2" src="pragma Assertion_Policy (Check);"/>
  </src>

 </src_mapping>

 <src_mapping coverage=".">
  <src>
   <line num="3" src=""/>
  </src>

 </src_mapping>

 <src_mapping coverage=".">
  <src>
   <line num="4" src="with Ada.Command_Line; use Ada.Command_Line;"/>
  </src>

 </src_mapping>

 <src_mapping coverage=".">
  <src>
   <line num="5" src="with Ada.Text_IO;      use Ada.Text_IO;"/>
  </src>

 </src_mapping>

 <src_mapping coverage=".">
  <src>
   <line num="6" src=""/>
  </src>

 </src_mapping>

 <src_mapping coverage=".">
  <src>
   <line num="7" src="--  The folling SCOs are present in this test. We expect to have origins for"/>
  </src>

 </src_mapping>

 <src_mapping coverage=".">
  <src>
   <line num="8" src="--  each of them:"/>
  </src>

 </src_mapping>

 <src_mapping coverage=".">
  <src>
   <line num="9" src="--  Statement"/>
  </src>

 </src_mapping>

 <src_mapping coverage=".">
  <src>
   <line num="10" src="--  Decision"/>
  </src>

 </src_mapping>

 <src_mapping coverage=".">
  <src>
   <line num="11" src="--  MCDC"/>
  </src>

 </src_mapping>

 <src_mapping coverage=".">
  <src>
   <line num="12" src="--  ATCC"/>
  </src>

 </src_mapping>

 <src_mapping coverage=".">
  <src>
   <line num="13" src="--  Function"/>
  </src>

 </src_mapping>

 <src_mapping coverage=".">
  <src>
   <line num="14" src="--  Call"/>
  </src>

 </src_mapping>

 <src_mapping coverage=".">
  <src>
   <line num="15" src="--  Guarded expression"/>
  </src>

 </src_mapping>

 <src_mapping coverage=".">
  <src>
   <line num="16" src=""/>
  </src>

 </src_mapping>

 <src_mapping coverage="+">
  <src>
   <line num="17" src="procedure Main"/>
  </src>

  <function id="70" text="procedure..." coverage="+">
   <src>
    <line num="17" column_begin="1" column_end="14" src="procedure Main"/>
   </src>

   <origins>
    <filepath>c.ckpt</filepath>
    <filepath>traces/two.srctrace</filepath>
   </origins>

  </function>

 </src_mapping>

 <src_mapping coverage=".">
  <src>
   <line num="18" src="is"/>
  </src>

 </src_mapping>

 <src_mapping coverage="+">
  <src>
   <line num="19" src="   X : constant Integer := Integer&apos;Value (Argument (1));"/>
  </src>

  <statement id="1" text="X : const..." coverage="+">
   <src>
    <line num="19" column_begin="4" column_end="56" src="   X : constant Integer := Integer&apos;Value (Argument (1));"/>
   </src>

   <origins>
    <filepath>c.ckpt</filepath>
    <filepath>traces/two.srctrace</filepath>
   </origins>

  </statement>

  <call id="2" text="Argument ..." coverage="+">
   <src>
    <line num="19" column_begin="43" column_end="54" src="                                          Argument (1)"/>
   </src>

   <origins>
    <filepath>c.ckpt</filepath>
    <filepath>traces/two.srctrace</filepath>
   </origins>

  </call>

 </src_mapping>

 <src_mapping coverage="+">
  <src>
   <line num="20" src="   Dummy : Integer := 0;"/>
  </src>

  <statement id="3" text="Dummy : I..." coverage="+">
   <src>
    <line num="20" column_begin="4" column_end="24" src="   Dummy : Integer := 0;"/>
   </src>

   <origins>
    <filepath>c.ckpt</filepath>
    <filepath>traces/two.srctrace</filepath>
   </origins>

  </statement>

 </src_mapping>

 <src_mapping coverage=".">
  <src>
   <line num="21" src=""/>
  </src>

 </src_mapping>

 <src_mapping coverage=".">
  <src>
   <line num="22" src="begin"/>
  </src>

 </src_mapping>

 <src_mapping coverage=".">
  <src>
   <line num="23" src=""/>
  </src>

 </src_mapping>

 <src_mapping coverage=".">
  <src>
   <line num="24" src="   -- DECISION     covered for X = 1"/>
  </src>

 </src_mapping>

 <src_mapping coverage=".">
  <src>
   <line num="25" src="   -- DECISION not covered for X = 1"/>
  </src>

 </src_mapping>

 <src_mapping coverage="+">
  <src>
   <line num="26" src="   if X = 1 then"/>
  </src>

  <statement id="4" text="if X = 1" coverage="+">
   <src>
    <line num="26" column_begin="4" column_end="11" src="   if X = 1"/>
   </src>

   <origins>
    <filepath>c.ckpt</filepath>
    <filepath>traces/two.srctrace</filepath>
   </origins>

  </statement>

  <decision id="5" text="X = 1" coverage="+">
   <src>
    <line num="26" column_begin="7" column_end="11" src="      X = 1"/>
   </src>

   <origins>
    <filepath>c.ckpt</filepath>
   </origins>

   <condition id="6" text="X = 1" coverage="+">
    <src>
     <line num="26" column_begin="7" column_end="11" src="      X = 1"/>
    </src>

    <origins>
     <filepath>c.ckpt</filepath>
    </origins>

   </condition>

  </decision>

 </src_mapping>

 <src_mapping coverage=".">
  <src>
   <line num="27" src="      -- STATEMENT     covered for X = 1"/>
  </src>

 </src_mapping>

 <src_mapping coverage=".">
  <src>
   <line num="28" src="      -- STATEMENT not covered for X = 2"/>
  </src>

 </src_mapping>

 <src_mapping coverage="+">
  <src>
   <line num="29" src="      Dummy := X;"/>
  </src>

  <statement id="7" text="Dummy := ..." coverage="+">
   <src>
    <line num="29" column_begin="7" column_end="17" src="      Dummy := X;"/>
   </src>

   <origins>
    <filepath>c.ckpt</filepath>
   </origins>

  </statement>

 </src_mapping>

 <src_mapping coverage=".">
  <src>
   <line num="30" src=""/>
  </src>

 </src_mapping>

 <src_mapping coverage=".">
  <src>
   <line num="31" src="      declare"/>
  </src>

 </src_mapping>

 <src_mapping coverage="+">
  <src>
   <line num="32" src="         type Animal is (Dog, Cat, Cow);"/>
  </src>

  <statement id="8" text="type Anim..." coverage="+">
   <src>
    <line num="32" column_begin="10" column_end="40" src="         type Animal is (Dog, Cat, Cow);"/>
   </src>

   <origins>
    <filepath>c.ckpt</filepath>
   </origins>

  </statement>

 </src_mapping>

 <src_mapping coverage=".">
  <src>
   <line num="33" src=""/>
  </src>

 </src_mapping>

 <src_mapping coverage=".">
  <src>
   <line num="34" src="         function Gexpr (A : Animal; B, C : Boolean) return String;"/>
  </src>

 </src_mapping>

 <src_mapping coverage=".">
  <src>
   <line num="35" src=""/>
  </src>

 </src_mapping>

 <src_mapping coverage=".">
  <src>
   <line num="36" src="         --  FUNCTION covered for X &gt;= 0"/>
  </src>

 </src_mapping>

 <src_mapping coverage="+">
  <src>
   <line num="37" src="         function Gexpr (A : Animal; B, C : Boolean) return String is"/>
  </src>

  <function id="19" text="function ..." coverage="+">
   <src>
    <line num="37" column_begin="10" column_end="66" src="         function Gexpr (A : Animal; B, C : Boolean) return String"/>
   </src>

   <origins>
    <filepath>c.ckpt</filepath>
   </origins>

  </function>

 </src_mapping>

 <src_mapping coverage=".">
  <src>
   <line num="38" src="         begin"/>
  </src>

 </src_mapping>

 <src_mapping coverage=".">
  <src>
   <line num="39" src="            -- GUARDED EXPR covered for X &gt;= 0"/>
  </src>

 </src_mapping>

 <src_mapping coverage="+">
  <src>
   <line num="40" src="            return"/>
  </src>

  <statement id="9" text="return" coverage="+">
   <src>
    <line num="40" column_begin="13" src="            return"/>
    <line num="41" src="              (case A is"/>
    <line num="42" src="               when Dog =&gt; &quot;&quot;,"/>
    <line num="43" src="               when Cat =&gt; &quot;Meow&quot;,"/>
    <line num="44" src="               when Cow =&gt;"/>
    <line num="45" src="                 (if"/>
    <line num="46" src="                     B and then C"/>
    <line num="47" src="                  then"/>
    <line num="48" src="                     &quot;Moooh&quot;"/>
    <line num="49" src="                  else"/>
    <line num="50" column_end="35" src="                     &quot;No Moo :(&quot;));"/>
   </src>

   <origins>
    <filepath>c.ckpt</filepath>
   </origins>

  </statement>

 </src_mapping>

 <src_mapping coverage="+">
  <src>
   <line num="41" src="              (case A is"/>
  </src>

 </src_mapping>

 <src_mapping coverage="+">
  <src>
   <line num="42" src="               when Dog =&gt; &quot;&quot;,"/>
  </src>

  <guarded_expr id="10" text="when Dog ..." coverage="+">
   <src>
    <line num="42" column_begin="16" column_end="30" src="               when Dog =&gt; &quot;&quot;,"/>
   </src>

   <origins>
    <filepath>c.ckpt</filepath>
   </origins>

  </guarded_expr>

 </src_mapping>

 <src_mapping coverage="+">
  <src>
   <line num="43" src="               when Cat =&gt; &quot;Meow&quot;,"/>
  </src>

  <guarded_expr id="11" text="when Cat ..." coverage="+">
   <src>
    <line num="43" column_begin="16" column_end="34" src="               when Cat =&gt; &quot;Meow&quot;,"/>
   </src>

   <origins>
    <filepath>c.ckpt</filepath>
   </origins>

  </guarded_expr>

 </src_mapping>

 <src_mapping coverage="+">
  <src>
   <line num="44" src="               when Cow =&gt;"/>
  </src>

  <guarded_expr id="12" text="when Cow ..." coverage="+">
   <src>
    <line num="44" column_begin="16" src="               when Cow =&gt;"/>
    <line num="45" src="                 (if"/>
    <line num="46" src="                     B and then C"/>
    <line num="47" src="                  then"/>
    <line num="48" src="                     &quot;Moooh&quot;"/>
    <line num="49" src="                  else"/>
    <line num="50" column_end="33" src="                     &quot;No Moo :(&quot;)"/>
   </src>

   <origins>
    <filepath>c.ckpt</filepath>
   </origins>

  </guarded_expr>

 </src_mapping>

 <src_mapping coverage="+">
  <src>
   <line num="45" src="                 (if"/>
  </src>

 </src_mapping>

 <src_mapping coverage="+">
  <src>
   <line num="46" src="                     B and then C"/>
  </src>

  <decision id="13" text="B and the..." coverage="+">
   <src>
    <line num="46" column_begin="22" column_end="33" src="                     B and then C"/>
   </src>

   <origins>
    <filepath>c.ckpt</filepath>
   </origins>

   <condition id="15" text="B" coverage="+">
    <src>
     <line num="46" column_begin="22" column_end="22" src="                     B"/>
    </src>

    <origins>
     <filepath>c.ckpt</filepath>
    </origins>

   </condition>

   <condition id="16" text="C" coverage="+">
    <src>
     <line num="46" column_begin="33" column_end="33" src="                                C"/>
    </src>

    <origins>
     <filepath>c.ckpt</filepath>
    </origins>

   </condition>

  </decision>

 </src_mapping>

 <src_mapping coverage="+">
  <src>
   <line num="47" src="                  then"/>
  </src>

 </src_mapping>

 <src_mapping coverage="+">
  <src>
   <line num="48" src="                     &quot;Moooh&quot;"/>
  </src>

  <guarded_expr id="17" text="&quot;Moooh&quot;" coverage="+">
   <src>
    <line num="48" column_begin="22" column_end="28" src="                     &quot;Moooh&quot;"/>
   </src>

   <origins>
    <filepath>c.ckpt</filepath>
   </origins>

  </guarded_expr>

 </src_mapping>

 <src_mapping coverage="+">
  <src>
   <line num="49" src="                  else"/>
  </src>

 </src_mapping>

 <src_mapping coverage="+">
  <src>
   <line num="50" src="                     &quot;No Moo :(&quot;));"/>
  </src>

  <guarded_expr id="18" text="&quot;No Moo :..." coverage="+">
   <src>
    <line num="50" column_begin="22" column_end="35" src="                     &quot;No Moo :(&quot;));"/>
   </src>

   <origins>
    <filepath>c.ckpt</filepath>
   </origins>

  </guarded_expr>

 </src_mapping>

 <src_mapping coverage=".">
  <src>
   <line num="51" src="         end Gexpr;"/>
  </src>

 </src_mapping>

 <src_mapping coverage=".">
  <src>
   <line num="52" src=""/>
  </src>

 </src_mapping>

 <src_mapping coverage=".">
  <src>
   <line num="53" src="      begin"/>
  </src>

 </src_mapping>

 <src_mapping coverage=".">
  <src>
   <line num="54" src="         --  CALL covered for X &gt;= 0"/>
  </src>

 </src_mapping>

 <src_mapping coverage="+">
  <src>
   <line num="55" src="         Put_Line (Gexpr (Dog, True, True));"/>
  </src>

  <statement id="20" text="Put_Line ..." coverage="+">
   <src>
    <line num="55" column_begin="10" column_end="44" src="         Put_Line (Gexpr (Dog, True, True));"/>
   </src>

   <origins>
    <filepath>c.ckpt</filepath>
   </origins>

  </statement>

  <call id="21" text="Put_Line ..." coverage="+">
   <src>
    <line num="55" column_begin="10" column_end="43" src="         Put_Line (Gexpr (Dog, True, True))"/>
   </src>

   <origins>
    <filepath>c.ckpt</filepath>
   </origins>

  </call>

  <call id="22" text="Gexpr (Do..." coverage="+">
   <src>
    <line num="55" column_begin="20" column_end="42" src="                   Gexpr (Dog, True, True)"/>
   </src>

   <origins>
    <filepath>c.ckpt</filepath>
   </origins>

  </call>

 </src_mapping>

 <src_mapping coverage="+">
  <src>
   <line num="56" src="         Put_Line (Gexpr (Cat, True, True));"/>
  </src>

  <statement id="23" text="Put_Line ..." coverage="+">
   <src>
    <line num="56" column_begin="10" column_end="44" src="         Put_Line (Gexpr (Cat, True, True));"/>
   </src>

   <origins>
    <filepath>c.ckpt</filepath>
   </origins>

  </statement>

  <call id="24" text="Put_Line ..." coverage="+">
   <src>
    <line num="56" column_begin="10" column_end="43" src="         Put_Line (Gexpr (Cat, True, True))"/>
   </src>

   <origins>
    <filepath>c.ckpt</filepath>
   </origins>

  </call>

  <call id="25" text="Gexpr (Ca..." coverage="+">
   <src>
    <line num="56" column_begin="20" column_end="42" src="                   Gexpr (Cat, True, True)"/>
   </src>

   <origins>
    <filepath>c.ckpt</filepath>
   </origins>

  </call>

 </src_mapping>

 <src_mapping coverage="+">
  <src>
   <line num="57" src="         Put_Line (Gexpr (Cow, True, True));"/>
  </src>

  <statement id="26" text="Put_Line ..." coverage="+">
   <src>
    <line num="57" column_begin="10" column_end="44" src="         Put_Line (Gexpr (Cow, True, True));"/>
   </src>

   <origins>
    <filepath>c.ckpt</filepath>
   </origins>

  </statement>

  <call id="27" text="Put_Line ..." coverage="+">
   <src>
    <line num="57" column_begin="10" column_end="43" src="         Put_Line (Gexpr (Cow, True, True))"/>
   </src>

   <origins>
    <filepath>c.ckpt</filepath>
   </origins>

  </call>

  <call id="28" text="Gexpr (Co..." coverage="+">
   <src>
    <line num="57" column_begin="20" column_end="42" src="                   Gexpr (Cow, True, True)"/>
   </src>

   <origins>
    <filepath>c.ckpt</filepath>
   </origins>

  </call>

 </src_mapping>

 <src_mapping coverage="+">
  <src>
   <line num="58" src="         Put_Line (Gexpr (Cow, True, False));"/>
  </src>

  <statement id="29" text="Put_Line ..." coverage="+">
   <src>
    <line num="58" column_begin="10" column_end="45" src="         Put_Line (Gexpr (Cow, True, False));"/>
   </src>

   <origins>
    <filepath>c.ckpt</filepath>
   </origins>

  </statement>

  <call id="30" text="Put_Line ..." coverage="+">
   <src>
    <line num="58" column_begin="10" column_end="44" src="         Put_Line (Gexpr (Cow, True, False))"/>
   </src>

   <origins>
    <filepath>c.ckpt</filepath>
   </origins>

  </call>

  <call id="31" text="Gexpr (Co..." coverage="+">
   <src>
    <line num="58" column_begin="20" column_end="43" src="                   Gexpr (Cow, True, False)"/>
   </src>

   <origins>
    <filepath>c.ckpt</filepath>
   </origins>

  </call>

 </src_mapping>

 <src_mapping coverage="+">
  <src>
   <line num="59" src="         Put_Line (Gexpr (Cow, False, False));"/>
  </src>

  <statement id="32" text="Put_Line ..." coverage="+">
   <src>
    <line num="59" column_begin="10" column_end="46" src="         Put_Line (Gexpr (Cow, False, False));"/>
   </src>

   <origins>
    <filepath>c.ckpt</filepath>
   </origins>

  </statement>

  <call id="33" text="Put_Line ..." coverage="+">
   <src>
    <line num="59" column_begin="10" column_end="45" src="         Put_Line (Gexpr (Cow, False, False))"/>
   </src>

   <origins>
    <filepath>c.ckpt</filepath>
   </origins>

  </call>

  <call id="34" text="Gexpr (Co..." coverage="+">
   <src>
    <line num="59" column_begin="20" column_end="44" src="                   Gexpr (Cow, False, False)"/>
   </src>

   <origins>
    <filepath>c.ckpt</filepath>
   </origins>

  </call>

 </src_mapping>

 <src_mapping coverage="+">
  <src>
   <line num="60" src="         null;"/>
  </src>

  <statement id="35" text="null;" coverage="+">
   <src>
    <line num="60" column_begin="10" column_end="14" src="         null;"/>
   </src>

   <origins>
    <filepath>c.ckpt</filepath>
   </origins>

  </statement>

 </src_mapping>

 <src_mapping coverage=".">
  <src>
   <line num="61" src="      end;"/>
  </src>

 </src_mapping>

 <src_mapping coverage=".">
  <src>
   <line num="62" src=""/>
  </src>

 </src_mapping>

 <src_mapping coverage=".">
  <src>
   <line num="63" src="      declare"/>
  </src>

 </src_mapping>

 <src_mapping coverage="+">
  <src>
   <line num="64" src="         Dummy_T : Boolean := True;"/>
  </src>

  <statement id="36" text="Dummy_T :..." coverage="+">
   <src>
    <line num="64" column_begin="10" column_end="35" src="         Dummy_T : Boolean := True;"/>
   </src>

   <origins>
    <filepath>c.ckpt</filepath>
   </origins>

  </statement>

 </src_mapping>

 <src_mapping coverage="+">
  <src>
   <line num="65" src="         Dummy_F : Boolean := False;"/>
  </src>

  <statement id="37" text="Dummy_F :..." coverage="+">
   <src>
    <line num="65" column_begin="10" column_end="36" src="         Dummy_F : Boolean := False;"/>
   </src>

   <origins>
    <filepath>c.ckpt</filepath>
   </origins>

  </statement>

 </src_mapping>

 <src_mapping coverage=".">
  <src>
   <line num="66" src="      begin"/>
  </src>

 </src_mapping>

 <src_mapping coverage=".">
  <src>
   <line num="67" src="         --  ATCC covered for X = 1"/>
  </src>

 </src_mapping>

 <src_mapping coverage="+">
  <src>
   <line num="68" src="         pragma Assert (Dummy_T and then not Dummy_F);"/>
  </src>

  <statement id="38" text="pragma As..." coverage="+">
   <src>
    <line num="68" column_begin="10" column_end="54" src="         pragma Assert (Dummy_T and then not Dummy_F);"/>
   </src>

   <origins>
    <filepath>c.ckpt</filepath>
   </origins>

  </statement>

  <contract_expression id="39" text="Dummy_T a..." coverage="+">
   <src>
    <line num="68" column_begin="25" column_end="52" src="                        Dummy_T and then not Dummy_F"/>
   </src>

   <origins>
    <filepath>c.ckpt</filepath>
   </origins>

  </contract_expression>

 </src_mapping>

 <src_mapping coverage=".">
  <src>
   <line num="69" src="      end;"/>
  </src>

 </src_mapping>

 <src_mapping coverage=".">
  <src>
   <line num="70" src="   end if;"/>
  </src>

 </src_mapping>

 <src_mapping coverage=".">
  <src>
   <line num="71" src=""/>
  </src>

 </src_mapping>

 <src_mapping coverage=".">
  <src>
   <line num="72" src="   -- DECISION partially covered to True for X &gt; 0"/>
  </src>

 </src_mapping>

 <src_mapping coverage="!">
  <src>
   <line num="73" src="   if X &gt;= 0 then"/>
  </src>

  <statement id="44" text="if X &gt;= 0" coverage="+">
   <src>
    <line num="73" column_begin="4" column_end="12" src="   if X &gt;= 0"/>
   </src>

   <origins>
    <filepath>c.ckpt</filepath>
    <filepath>traces/two.srctrace</filepath>
   </origins>

  </statement>

  <decision id="45" text="X &gt;= 0" coverage="-">
   <src>
    <line num="73" column_begin="7" column_end="12" src="      X &gt;= 0"/>
   </src>

   <origins>
    <filepath>c.ckpt</filepath>
    <filepath>traces/two.srctrace</filepath>
   </origins>

   <condition id="46" text="X &gt;= 0" coverage=".">
    <src>
     <line num="73" column_begin="7" column_end="12" src="      X &gt;= 0"/>
    </src>

    <origins>
     <filepath>c.ckpt</filepath>
     <filepath>traces/two.srctrace</filepath>
    </origins>

   </condition>

  </decision>

  <message kind="violation" SCO="SCO #45: DECISION" message="outcome FALSE never exercised"/>
 </src_mapping>

 <src_mapping coverage="+">
  <src>
   <line num="74" src="      Dummy := X;"/>
  </src>

  <statement id="47" text="Dummy := ..." coverage="+">
   <src>
    <line num="74" column_begin="7" column_end="17" src="      Dummy := X;"/>
   </src>

   <origins>
    <filepath>c.ckpt</filepath>
    <filepath>traces/two.srctrace</filepath>
   </origins>

  </statement>

 </src_mapping>

 <src_mapping coverage=".">
  <src>
   <line num="75" src="   end if;"/>
  </src>

 </src_mapping>

 <src_mapping coverage=".">
  <src>
   <line num="76" src=""/>
  </src>

 </src_mapping>

 <src_mapping coverage=".">
  <src>
   <line num="77" src="   -- DECISION not covered for X &lt; 0"/>
  </src>

 </src_mapping>

 <src_mapping coverage="!">
  <src>
   <line num="78" src="   if X &lt; 0 then"/>
  </src>

  <statement id="48" text="if X &lt; 0" coverage="+">
   <src>
    <line num="78" column_begin="4" column_end="11" src="   if X &lt; 0"/>
   </src>

   <origins>
    <filepath>c.ckpt</filepath>
    <filepath>traces/two.srctrace</filepath>
   </origins>

  </statement>

  <decision id="49" text="X &lt; 0" coverage="-">
   <src>
    <line num="78" column_begin="7" column_end="11" src="      X &lt; 0"/>
   </src>

   <condition id="50" text="X &lt; 0" coverage=".">
    <src>
     <line num="78" column_begin="7" column_end="11" src="      X &lt; 0"/>
    </src>

   </condition>

  </decision>

  <message kind="violation" SCO="SCO #49: DECISION" message="outcome TRUE never exercised"/>
 </src_mapping>

 <src_mapping coverage="-">
  <src>
   <line num="79" src="      Dummy := X;"/>
  </src>

  <statement id="51" text="Dummy := ..." coverage="-">
   <src>
    <line num="79" column_begin="7" column_end="17" src="      Dummy := X;"/>
   </src>

  </statement>

  <message kind="violation" SCO="SCO #51: STATEMENT" message="not executed"/>
 </src_mapping>

 <src_mapping coverage=".">
  <src>
   <line num="80" src="   end if;"/>
  </src>

 </src_mapping>

 <src_mapping coverage=".">
  <src>
   <line num="81" src=""/>
  </src>

 </src_mapping>

 <src_mapping coverage="+">
  <src>
   <line num="82" src="   if X = 2 then"/>
  </src>

  <statement id="52" text="if X = 2" coverage="+">
   <src>
    <line num="82" column_begin="4" column_end="11" src="   if X = 2"/>
   </src>

   <origins>
    <filepath>c.ckpt</filepath>
    <filepath>traces/two.srctrace</filepath>
   </origins>

  </statement>

  <decision id="53" text="X = 2" coverage="+">
   <src>
    <line num="82" column_begin="7" column_end="11" src="      X = 2"/>
   </src>

   <origins>
    <filepath>traces/two.srctrace</filepath>
   </origins>

   <condition id="54" text="X = 2" coverage="+">
    <src>
     <line num="82" column_begin="7" column_end="11" src="      X = 2"/>
    </src>

    <origins>
     <filepath>traces/two.srctrace</filepath>
    </origins>

   </condition>

  </decision>

 </src_mapping>

 <src_mapping coverage=".">
  <src>
   <line num="83" src="      declare"/>
  </src>

 </src_mapping>

 <src_mapping coverage=".">
  <src>
   <line num="84" src="         procedure Foo (L,R : Boolean);"/>
  </src>

 </src_mapping>

 <src_mapping coverage="+">
  <src>
   <line num="85" src="         procedure Foo (L,R : Boolean) is"/>
  </src>

  <function id="61" text="procedure..." coverage="+">
   <src>
    <line num="85" column_begin="10" column_end="38" src="         procedure Foo (L,R : Boolean)"/>
   </src>

   <origins>
    <filepath>traces/two.srctrace</filepath>
   </origins>

  </function>

 </src_mapping>

 <src_mapping coverage=".">
  <src>
   <line num="86" src="         begin"/>
  </src>

 </src_mapping>

 <src_mapping coverage=".">
  <src>
   <line num="87" src="            -- MCDC     covered for X = 2"/>
  </src>

 </src_mapping>

 <src_mapping coverage=".">
  <src>
   <line num="88" src="            -- MCDC not covered for X = 0 and X = 1"/>
  </src>

 </src_mapping>

 <src_mapping coverage="+">
  <src>
   <line num="89" src="            if L and then R then"/>
  </src>

  <statement id="55" text="if L and ..." coverage="+">
   <src>
    <line num="89" column_begin="13" column_end="27" src="            if L and then R"/>
   </src>

   <origins>
    <filepath>traces/two.srctrace</filepath>
   </origins>

  </statement>

  <decision id="56" text="L and the..." coverage="+">
   <src>
    <line num="89" column_begin="16" column_end="27" src="               L and then R"/>
   </src>

   <origins>
    <filepath>traces/two.srctrace</filepath>
   </origins>

   <condition id="58" text="L" coverage="+">
    <src>
     <line num="89" column_begin="16" column_end="16" src="               L"/>
    </src>

    <origins>
     <filepath>traces/two.srctrace</filepath>
    </origins>

   </condition>

   <condition id="59" text="R" coverage="+">
    <src>
     <line num="89" column_begin="27" column_end="27" src="                          R"/>
    </src>

    <origins>
     <filepath>traces/two.srctrace</filepath>
    </origins>

   </condition>

  </decision>

 </src_mapping>

 <src_mapping coverage="+">
  <src>
   <line num="90" src="               Dummy := X;"/>
  </src>

  <statement id="60" text="Dummy := ..." coverage="+">
   <src>
    <line num="90" column_begin="16" column_end="26" src="               Dummy := X;"/>
   </src>

   <origins>
    <filepath>traces/two.srctrace</filepath>
   </origins>

  </statement>

 </src_mapping>

 <src_mapping coverage=".">
  <src>
   <line num="91" src="            end if;"/>
  </src>

 </src_mapping>

 <src_mapping coverage=".">
  <src>
   <line num="92" src="         end Foo;"/>
  </src>

 </src_mapping>

 <src_mapping coverage=".">
  <src>
   <line num="93" src="      begin"/>
  </src>

 </src_mapping>

 <src_mapping coverage=".">
  <src>
   <line num="94" src="         --  STATEMENT BLOCK"/>
  </src>

 </src_mapping>

 <src_mapping coverage="+">
  <src>
   <line num="95" src="         Foo (False, False);"/>
  </src>

  <statement id="62" text="Foo (Fals..." coverage="+">
   <src>
    <line num="95" column_begin="10" column_end="28" src="         Foo (False, False);"/>
   </src>

   <origins>
    <filepath>traces/two.srctrace</filepath>
   </origins>

  </statement>

  <call id="63" text="Foo (Fals..." coverage="+">
   <src>
    <line num="95" column_begin="10" column_end="27" src="         Foo (False, False)"/>
   </src>

   <origins>
    <filepath>traces/two.srctrace</filepath>
   </origins>

  </call>

 </src_mapping>

 <src_mapping coverage="+">
  <src>
   <line num="96" src="         Foo (True,  False);"/>
  </src>

  <statement id="64" text="Foo (True..." coverage="+">
   <src>
    <line num="96" column_begin="10" column_end="28" src="         Foo (True,  False);"/>
   </src>

   <origins>
    <filepath>traces/two.srctrace</filepath>
   </origins>

  </statement>

  <call id="65" text="Foo (True..." coverage="+">
   <src>
    <line num="96" column_begin="10" column_end="27" src="         Foo (True,  False)"/>
   </src>

   <origins>
    <filepath>traces/two.srctrace</filepath>
   </origins>

  </call>

 </src_mapping>

 <src_mapping coverage="+">
  <src>
   <line num="97" src="         Foo (False, True);"/>
  </src>

  <statement id="66" text="Foo (Fals..." coverage="+">
   <src>
    <line num="97" column_begin="10" column_end="27" src="         Foo (False, True);"/>
   </src>

   <origins>
    <filepath>traces/two.srctrace</filepath>
   </origins>

  </statement>

  <call id="67" text="Foo (Fals..." coverage="+">
   <src>
    <line num="97" column_begin="10" column_end="26" src="         Foo (False, True)"/>
   </src>

   <origins>
    <filepath>traces/two.srctrace</filepath>
   </origins>

  </call>

 </src_mapping>

 <src_mapping coverage="+">
  <src>
   <line num="98" src="         Foo (True,  True);"/>
  </src>

  <statement id="68" text="Foo (True..." coverage="+">
   <src>
    <line num="98" column_begin="10" column_end="27" src="         Foo (True,  True);"/>
   </src>

   <origins>
    <filepath>traces/two.srctrace</filepath>
   </origins>

  </statement>

  <call id="69" text="Foo (True..." coverage="+">
   <src>
    <line num="98" column_begin="10" column_end="26" src="         Foo (True,  True)"/>
   </src>

   <origins>
    <filepath>traces/two.srctrace</filepath>
   </origins>

  </call>

 </src_mapping>

 <src_mapping coverage=".">
  <src>
   <line num="99" src="      end;"/>
  </src>

 </src_mapping>

 <src_mapping coverage=".">
  <src>
   <line num="100" src="   end if;"/>
  </src>

 </src_mapping>

 <src_mapping coverage=".">
  <src>
   <line num="101" src="end Main;"/>
  </src>

 </src_mapping>

</source>

