<?xml version="1.0" ?>
<document xmlns:xi="http://www.w3.org/2001/XInclude" xmlns:xsi="http://www.w3.org/2001/XMLSchema-instance" xsi:noNamespaceSchemaLocation="gnatcov-xml-report.xsd">
 <coverage_report coverage_level="stmt+decision">
  <coverage_info>
   <xi:include parse="xml" href="trace.xml"/>
  </coverage_info>

  <coverage_summary>
   <metric kind="total_lines_of_relevance" count="9"/>
   <metric kind="fully_covered" count="4" ratio="44"/>
   <metric kind="partially_covered" count="1" ratio="11"/>
   <metric kind="not_covered" count="1" ratio="11"/>
   <metric kind="undetermined_coverage" count="0" ratio="0"/>
   <metric kind="exempted_no_violation" count="0" ratio="0"/>
   <metric kind="exempted" count="3" ratio="33"/>
   <metric kind="exempted_undetermined_coverage" count="0" ratio="0"/>
   <metric kind="disabled_coverage" count="0" ratio="0"/>
   <obligation_stats kind="Stmt">
    <metric kind="total_obligations_of_relevance" count="9"/>
    <metric kind="fully_covered" count="5" ratio="56"/>
    <metric kind="partially_covered" count="0" ratio="0"/>
    <metric kind="not_covered" count="1" ratio="11"/>
    <metric kind="undetermined_coverage" count="0" ratio="0"/>
    <metric kind="exempted_no_violation" count="2" ratio="22"/>
    <metric kind="exempted" count="1" ratio="11"/>
    <metric kind="exempted_undetermined_coverage" count="0" ratio="0"/>
    <metric kind="disabled_coverage" count="0" ratio="0"/>
   </obligation_stats>

   <obligation_stats kind="Decision">
    <metric kind="total_obligations_of_relevance" count="2"/>
    <metric kind="fully_covered" count="0" ratio="0"/>
    <metric kind="partially_covered" count="1" ratio="50"/>
    <metric kind="not_covered" count="0" ratio="0"/>
    <metric kind="undetermined_coverage" count="0" ratio="0"/>
    <metric kind="exempted_no_violation" count="0" ratio="0"/>
    <metric kind="exempted" count="1" ratio="50"/>
    <metric kind="exempted_undetermined_coverage" count="0" ratio="0"/>
    <metric kind="disabled_coverage" count="0" ratio="0"/>
   </obligation_stats>

   <file name="@@data.ads@@">
    <metric kind="total_lines_of_relevance" count="0"/>
    <metric kind="fully_covered" count="0"/>
    <metric kind="partially_covered" count="0"/>
    <metric kind="not_covered" count="0"/>
    <metric kind="undetermined_coverage" count="0"/>
    <metric kind="exempted_no_violation" count="0"/>
    <metric kind="exempted" count="0"/>
    <metric kind="exempted_undetermined_coverage" count="0"/>
    <metric kind="disabled_coverage" count="0"/>
    <obligation_stats kind="Stmt">
     <metric kind="total_obligations_of_relevance" count="0"/>
     <metric kind="fully_covered" count="0"/>
     <metric kind="partially_covered" count="0"/>
     <metric kind="not_covered" count="0"/>
     <metric kind="undetermined_coverage" count="0"/>
     <metric kind="exempted_no_violation" count="0"/>
     <metric kind="exempted" count="0"/>
     <metric kind="exempted_undetermined_coverage" count="0"/>
     <metric kind="disabled_coverage" count="0"/>
    </obligation_stats>

    <obligation_stats kind="Decision">
     <metric kind="total_obligations_of_relevance" count="0"/>
     <metric kind="fully_covered" count="0"/>
     <metric kind="partially_covered" count="0"/>
     <metric kind="not_covered" count="0"/>
     <metric kind="undetermined_coverage" count="0"/>
     <metric kind="exempted_no_violation" count="0"/>
     <metric kind="exempted" count="0"/>
     <metric kind="exempted_undetermined_coverage" count="0"/>
     <metric kind="disabled_coverage" count="0"/>
    </obligation_stats>

   </file>

   <file name="@@main.adb@@">
    <metric kind="total_lines_of_relevance" count="3"/>
    <metric kind="fully_covered" count="3" ratio="100"/>
    <metric kind="partially_covered" count="0" ratio="0"/>
    <metric kind="not_covered" count="0" ratio="0"/>
    <metric kind="undetermined_coverage" count="0" ratio="0"/>
    <metric kind="exempted_no_violation" count="0" ratio="0"/>
    <metric kind="exempted" count="0" ratio="0"/>
    <metric kind="exempted_undetermined_coverage" count="0" ratio="0"/>
    <metric kind="disabled_coverage" count="0" ratio="0"/>
    <obligation_stats kind="Stmt">
     <metric kind="total_obligations_of_relevance" count="3"/>
     <metric kind="fully_covered" count="3" ratio="100"/>
     <metric kind="partially_covered" count="0" ratio="0"/>
     <metric kind="not_covered" count="0" ratio="0"/>
     <metric kind="undetermined_coverage" count="0" ratio="0"/>
     <metric kind="exempted_no_violation" count="0" ratio="0"/>
     <metric kind="exempted" count="0" ratio="0"/>
     <metric kind="exempted_undetermined_coverage" count="0" ratio="0"/>
     <metric kind="disabled_coverage" count="0" ratio="0"/>
    </obligation_stats>

    <obligation_stats kind="Decision">
     <metric kind="total_obligations_of_relevance" count="0"/>
     <metric kind="fully_covered" count="0"/>
     <metric kind="partially_covered" count="0"/>
     <metric kind="not_covered" count="0"/>
     <metric kind="undetermined_coverage" count="0"/>
     <metric kind="exempted_no_violation" count="0"/>
     <metric kind="exempted" count="0"/>
     <metric kind="exempted_undetermined_coverage" count="0"/>
     <metric kind="disabled_coverage" count="0"/>
    </obligation_stats>

   </file>

   <file name="@@pkg.adb@@">
    <metric kind="total_lines_of_relevance" count="6"/>
    <metric kind="fully_covered" count="1" ratio="17"/>
    <metric kind="partially_covered" count="1" ratio="17"/>
    <metric kind="not_covered" count="1" ratio="17"/>
    <metric kind="undetermined_coverage" count="0" ratio="0"/>
    <metric kind="exempted_no_violation" count="0" ratio="0"/>
    <metric kind="exempted" count="3" ratio="50"/>
    <metric kind="exempted_undetermined_coverage" count="0" ratio="0"/>
    <metric kind="disabled_coverage" count="0" ratio="0"/>
    <obligation_stats kind="Stmt">
     <metric kind="total_obligations_of_relevance" count="6"/>
     <metric kind="fully_covered" count="2" ratio="33"/>
     <metric kind="partially_covered" count="0" ratio="0"/>
     <metric kind="not_covered" count="1" ratio="17"/>
     <metric kind="undetermined_coverage" count="0" ratio="0"/>
     <metric kind="exempted_no_violation" count="2" ratio="33"/>
     <metric kind="exempted" count="1" ratio="17"/>
     <metric kind="exempted_undetermined_coverage" count="0" ratio="0"/>
     <metric kind="disabled_coverage" count="0" ratio="0"/>
    </obligation_stats>

    <obligation_stats kind="Decision">
     <metric kind="total_obligations_of_relevance" count="2"/>
     <metric kind="fully_covered" count="0" ratio="0"/>
     <metric kind="partially_covered" count="1" ratio="50"/>
     <metric kind="not_covered" count="0" ratio="0"/>
     <metric kind="undetermined_coverage" count="0" ratio="0"/>
     <metric kind="exempted_no_violation" count="0" ratio="0"/>
     <metric kind="exempted" count="1" ratio="50"/>
     <metric kind="exempted_undetermined_coverage" count="0" ratio="0"/>
     <metric kind="disabled_coverage" count="0" ratio="0"/>
    </obligation_stats>

   </file>

  </coverage_summary>

  <sources>
   <xi:include parse="xml" href="data.ads.xml"/>
   <xi:include parse="xml" href="main.adb.xml"/>
   <xi:include parse="xml" href="pkg.adb.xml"/>
  </sources>

 </coverage_report>

</document>
